<body background="https://example.com/image.jpg">
  <table background="https://example.com/image.jpg">
    <tr>
      <th background="https://example.com/image.jpg">Header</th>
    </tr>
    <tr>
      <td background="https://example.com/image.jpg">Cell</td>
    </tr>
  </table>
</body>
