<head>
  <style>.test {
      background-image: url('relative/image.jpg');
      background: url('relative/image.jpg');
    }

    .test2 {
      background-image: url('https://preserve.me/image.jpg');
      background: url('https://preserve.me/image.jpg');
    }

    .multiple-bg {
      background-image: url('relative/one.png'), url(relative/two.png), url("relative/three.png"), linear-gradient(to right, rgba(30, 75, 115, 1), rgba(255, 255, 255, 0));
    }</style>
</head>

<body style="background: url('relative/image.jpg')">
  <table style="background: url(relative/image.jpg)">
    <tr>
      <th style="background-image: url('relative/image.jpg')">Header</th>
    </tr>
    <tr>
      <td style="background-image: url(relative/image.jpg)">Cell</td>
    </tr>
  </table>
</body>
