<div data-url="https://example.com/foo/bar.html"></div>
