<a href="https://example.com/index.html">Go home</a>
<area shape="" coords="" href="https://example.com/docs/html" alt="">
<base href="https://example.com/docs/html">
<link rel="stylesheet" href="https://example.com/example.css">
