<script src="assets/test.js"></script>
<img src="images/test.jpg">
<img src="test.jpg">
<img src="../test.jpg">
