<video width="250" poster="https://example.com/flower.jpg">
  <source src="https://example.com/media/flower.webm" type="video/webm">
  <source src="https://example.com/media/flower.mp4" type="video/mp4">
</video>
