<img src="https://example.com/test.jpg">
<img src="https://example.com/test.jpg">

<video width="250">
  <source src="https://example.com/media/flower.webm" type="video/webm">
  <source src="https://example.tv/media/flower.mp4" type="video/mp4">
  <track default="" kind="captions" srclang="en" src="https://example.com/media/tracks/friday.vtt">
</video>

<audio src="https://example.com/media/sample.mp3">
  Fallback content
</audio>

<embed type="video/webm" src="https://example.com/media/flower.mp4" width="250" height="200">

<iframe width="300" height="200" src="https://example.com/embed.html"></iframe>

<input type="image" src="https://example.com/image.jpg" alt="">

<script src="https://example.com/javascript.js"></script>
