<img src="https://example.com/image1.jpg" srcset="https://example.com/image1-HD.jpg 2x, https://example.com/image1-phone.jpg 100w">

<img src="https://example.com/image2.jpg" srcset="https://example.com/image2-HD.jpg 2x, https://example.com/image2-phone.jpg 100w">

<picture>
  <source media="(max-width: 799px)" srcset="https://example.com/elva-480w-close-portrait.jpg">
  <source media="(min-width: 800px)" srcset="https://example.com/elva-800w.jpg">
  <img src="https://example.com/elva-800w.jpg" alt="...">
</picture>
