<a href="foo/bar.html">
  <img src="https://example.com/image1.jpg" srcset="https://example.com/image1-HD.jpg 2x, https://example.com/image1-phone.jpg 100w">
</a>

<script src="https://example.com/javascript.js"></script>
